---
source: crates/rimz/src/cli/agents_cmd/launch.rs
expression: "String::from_utf8(output.into_inner()).unwrap()"
---
launched forge in #feat-x
  worktree  /repo-worktrees/feat-x  · branch actual-branch
  stages    Explore → Plan → Implement
  board     /repo-worktrees/feat-x/blackboard.md
  prompt    → @planner  "Read the handoff at /tmp/handoff-feat-x.md."

  @planner   claude  fable        leader
  @coder     codex   gpt-6-astra

Check: rimz teams show forge#feat-x
Reach: rimz message @planner#feat-x '<text>'
Wait:  rimz wake --signal team.idle --match instance=forge#feat-x
