---
source: crates/rimz/src/cli/sidebar/tests.rs
assertion_line: 34
expression: strip_sgr(&ansi)
---
 ⌘ query-engine                /srv/code/query-engine

 ◎ 5                        ◇ 481k ↘ 336k ↗ 96k ◌ 48k
 ¤ 3                                           $10.08
 ────────────────────────────────────────────────────
 ? 1   ! 1   ⏸︎ 0   ✓ 0                      ⢿ 1   ○ 0

▎⑂ main ┄┄┄┄┄┄┄┄┄┄┄┄┄┄┄┄┄┄┄┄┄┄┄┄┄┄┄┄┄ ⇡3 ⇣1  +182 -47🮇
▌? codex · GPT 5.1 Codex · 272k                      ▐
▌  approve pricing cache write                       ▐
▌  ▣ ━━━━━━━━━━╸━━━━━━─────────────────────────   41%▐
▌  ▤ 51k · ◌ 32k ↘ 19k ↗ 12k                         ▐
▎⢄ claude · Opus 4.1 · 200k                          🮇
▎  port auth watcher                                 🮇
▎  ▣ ━━━━━━━━━━━━━━━━━╸━━━━━━━━━━──────────────   67%🮇
▎  ▤ 68k · ◌ 42k ↘ 25k ↗ 16k                         🮇
▎⣾ cargo nextest                                     🮇
▎  integration::backend::zellij                      🮇

 ⑂ zellij-health                           ⇡1  +14 -3
 ! pi · GPT 5.5 · 400k

 ─── Claude ──── Codex ──────────────────────────────

           ChatGPT Pro · v0.135.0
  ▗▛███▜▖  ◎ 5  ◇ 214k ↘ 149k ↗ 42k ◌ 21k       $3.24
 ▐▜▌ ▚ ▐▛▌ api ▱▱▱▱▱▱▱▱▱▱▱▱▱▱▱▱▱▱▱▱▱▱▱▱▱▱▱▱▱ ∞
  ▝▀▀▀▀▀▘

  ── Total: ─────────────────────────────────────────
  W: ◎ 22  ◇ 2.0M ↘ 1.4M ↗ 398.7k ◌ 199.4k     $26.38
  M: ◎ 90  ◇ 8.0M ↘ 5.6M ↗   1.6M ◌ 797.4k    $105.50

                                           ? for help
