---
source: crates/rimz/src/sidebar_pane/render/tests/mod.rs
assertion_line: 103
expression: screen
---
 ⌘ query-engine

 ◎ 0
 ¤ 2
 ────────────────────────────────────────────────────
 ? 1   ! 0   ⏸︎ 0   ✓ 0                      ⢿ 0   ○ 1

▏⑂ main ┄┄┄┄┄┄┄┄┄┄┄┄┄┄┄┄┄┄┄┄┄┄┄┄┄┄┄┄┄┄┄┄┄┄┄┄┄┄┄┄┄┄┄┄┄
▌? asker · opus · high · 200k
▌  needs review
▌  ▣ ━━━━━━━━━━━━━─────────────────────────────   30%
▌  ▤ 30k · ◌ 24k ↘ 6k ↗ 1k
▏○ claude · opus · high · 200k
▏  delegated sweep
▏  ⧉ subagents (1)
▏    ✓ Explore — map the render path
▏      ◇ 31k · opus · high                      ◔  2m
                ␣ next ?!   ? for help
