---
source: crates/rimz/src/sidebar_pane/render/tests/mod.rs
expression: screen
---
 ⌘ query-engine

 ◎ 0
 ¤ 1
 ────────────────────────────────
 ? 0   ! 0   ⏸︎ 0   ✓ 0  ⢿ 0   ○ 1

▎⑂ main ┄┄┄┄┄┄┄┄┄┄┄┄┄┄┄┄┄┄┄┄┄┄┄┄┄🮇
▌○ planner · Opus · 200k         ▐
▌  plan the change               ▐

                       ? for help
