---
source: crates/rimz/src/sidebar_pane/render/mod.rs
assertion_line: 749
expression: screen
---
 ⌘ query-engine

 ◎ 0
 ¤ 0
 ──────────────────────────────────────────────────────────────────────────────

 no agents yet
 run claude or codex
 in a pane to begin








                                   ? for help
