---
source: crates/rimz/src/sidebar_pane/render/tests/mod.rs
expression: screen
---
 ⌘ query-engine

 ◎ 0
 ¤ 1
 ────────────────────────────────────────────────────
 ? 0   ! 0   ⏸︎ 0   ✓ 0                      ⢿ 1   ○ 0

▏⑂ main ┄┄┄┄┄┄┄┄┄┄┄┄┄┄┄┄┄┄┄┄┄┄┄┄┄┄┄┄┄┄┄┄┄┄┄┄┄┄┄┄┄┄┄┄┄
▌⣾ claude · Opus 4.8 · high · 200k              $1.27
▌  ledger refactor
▌  ▣ ━━━━━━━━━━━━━━━━────────────────────────── 38.2%
▌  ▤ 76k · ◌ 68k ◍ 6k ↘ 1k ↗ 2k














 ────────────────────────────────────────────────────
 Claude v2.1.158 · Claude Max                    ⇅ rc

  ▐▛███▜▌  ◎ 12  ◇ 498k ↘ 434k ↗ 64k ◌ 68k      $3.50
 ▝▜█████▛▘ <t>  ▰▰▰▰▰▰▰▰▰▰▰▰▰▰▰▰▰▰▰▰▰▱▱▱▱▱▱▱ ↻  <reset>
   ▘▘ ▝▝   <t>  ▰▰▰▰▰▰▰▰▰▰▰▰▰▰▰▰▰▱▱▱▱▱▱▱▱▱▱▱ ↻  <reset>

 Codex v0.135.0 · ChatGPT Pro

  ▐▛███▜▌  ◎ 3  ◇ 88k ↘ 76k ↗ 12k ◌ 8k          $1.20
 ▝▜█████▛▘ ∞   ▱▱▱▱▱▱▱▱▱▱▱▱▱▱▱▱▱▱▱▱▱▱▱▱▱▱▱▱
   ▘▘ ▝▝

                                           ? for help
