---
source: crates/rimz/src/sidebar_pane/render/tests/mod.rs
expression: screen
---
 ⌘ query-engine

 ◎ 0                                  ◇ 0 ↘ 0 ↗ 0 ◌ 0
 ¤ 1                                            $0.00
 ────────────────────────────────────────────────────
 ? 0   ! 0   ⏸︎ 0   ✓ 0                ⢿ 1   ☾ 0   ○ 0

▎⑂ main ┄┄┄┄┄┄┄┄┄┄┄┄┄┄┄┄┄┄┄┄┄┄┄┄┄┄┄┄┄┄┄┄┄┄┄┄┄┄┄┄┄┄┄┄┄🮇
▌⢄ claude                                            ▐
▌  delegate                                          ▐
▌  ▢ ──────────────────────────────────────────    0%▐
▌  ▤ 0                                               ▐
▌  ⧉ subagents (7)                                   ▐
▌    ⣾ task-0                                        ▐
▌                                               ◔ <1m▐
▌    ⣾ task-1                                        ▐
▌                                               ◔ <1m▐
▌  +5 more                                           ▐















 ────────────────────────────────────────────────────
  W: ◎ 0  ◇ 0 ↘ 0 ↗ 0 ◌ 0                       $0.00
  M: ◎ 0  ◇ 0 ↘ 0 ↗ 0 ◌ 0                       $0.00

                                           ? for help
