---
source: crates/rimz/src/sidebar_pane/render/tests/mod.rs
assertion_line: 103
expression: screen
---
 ⌘ query-engine

 ◎ 0
 ¤ 1
 ────────────────────────────────────────────────────
 ? 0   ! 0   ⏸︎ 0   ✓ 0                      ⢿ 1   ○ 0

▎⑂ main ┄┄┄┄┄┄┄┄┄┄┄┄┄┄┄┄┄┄┄┄┄┄┄┄┄┄┄┄┄┄┄┄┄┄┄┄┄┄┄┄┄┄┄┄┄🮇
▌⢄ claude · 200k                                     ▐
▌  db migrate                                        ▐
▌  ▢ ──────────────────────────────────────────    0%▐
▌  ⧉ subagents (4)                                   ▐
                                           ? for help
