---
source: crates/rimz/src/sidebar_pane/render/tests/mod.rs
assertion_line: 103
expression: screen
---
 ⌘ query-engine

 ◎ 0
 ¤ 9
 ──────────────────────────────────
 ? 0   ! 0   ⏸︎ 0   ✓ 0    ⢿ 0   ○ 9

▏⑂ main ┄┄┄┄┄┄┄┄┄┄┄┄┄┄┄┄┄┄┄┄┄┄┄┄┄┄┄
▌○ codex · 258k
▌  task-0
▏○ codex · 258k
▏  task-1
▏○ codex · 258k
▏  task-2
▏○ codex · 258k
▏  task-3
▏○ codex · 258k
▏  task-4
▏○ codex · 258k
▏  task-5
▏  +3 more
















             ? for help
