---
source: crates/rimz/src/sidebar_pane/render/tests/mod.rs
expression: screen
---
────────────────────────────────────────────────────────────────────────────────────────────────────
Claude · work v2.1.158                                                                          ⇅ rc

 ▐▛███▜▌  ◎ 12  ◇ 498k ↘ 434k ↗ 64k ◌ 68k                                                      $3.50
▝▜█████▛▘ plan lapsed · no Claude access · since <first seen>
  ▘▘ ▝▝
