---
source: crates/rimz/src/sidebar_pane/render/tests/mod.rs
expression: screen
---
 ⌘ query-engine

 ◎ 0                                  ◇ 0 ↘ 0 ↗ 0 ◌ 0
 ¤ 1                                            $0.00
 ────────────────────────────────────────────────────
 ? 0   ! 0   ⏸︎ 0   ✓ 0                ⢿ 1   ☾ 0   ○ 0

▎⑂ main ┄┄┄┄┄┄┄┄┄┄┄┄┄┄┄┄┄┄┄┄┄┄┄┄┄┄┄┄┄┄┄┄┄┄┄┄┄┄┄┄┄┄┄┄┄🮇
▌⣾ claude                                            ▐
▌  working                                           ▐
▌  ▢ ──────────────────────────────────────────    0%▐
▌  ▤ 0                                               ▐
▌  ⧖ waits (3)                                       ▐
▌    ◷ in 12m                                   ◑ <t>▐
▌    ⌁ on pr.merged · 2h left                   ◔  5m▐
▌    ⢿ cargo                                    ◔  4m▐
▌      cargo xtask gate --name foo_test              ▐

 ────────────────────────────────────────────────────
  W: ◎ 0  ◇ 0 ↘ 0 ↗ 0 ◌ 0                       $0.00
  M: ◎ 0  ◇ 0 ↘ 0 ↗ 0 ◌ 0                       $0.00

                                           ? for help
