---
source: crates/rimz/src/sidebar_pane/render/mod.rs
assertion_line: 749
expression: screen
---
 ⌘ query-engine

 ◎ 0
 ¤ 0
 ──────────────────────────────────────────────────────────────────────────────

 no agents yet
 install hooks:
 rimz hooks install claude








                                   ? for help
