---
source: crates/rimz/src/sidebar_pane/render/tests/mod.rs
expression: screen
---
 ⌘ query-engine                 /srv/agents

 ◎ 0
 ¤ 1
 ──────────────────────────────────────────
 ? 0   ! 0   ⏸︎ 0   ✓ 0            ⢿ 1   ○ 0

▏⑂ main ┄┄┄┄┄┄┄┄┄┄┄┄┄┄┄┄┄┄┄┄┄┄┄┄ ⇡2  +12 -3▕
▌⣾ claude                                  ▐
▌  db migrate                              ▐
▌  ▢ ────────────────────────────────    0%▐

 agents
 ○ zsh



                                 ? for help
