---
source: crates/rimz/src/sidebar_pane/render/tests/mod.rs
expression: screen
---
 ⌘ query-engine

 ◎ 0                  ◇ 0 ↘ 0 ↗ 0 ◌ 0
 ¤ 6                            $0.00
 ────────────────────────────────────
 ? 0   ! 0   ⏸︎ 0   ✓ 0      ⢿ 6   ○ 0

   task-2

▎⑂ beta ┄┄┄┄┄┄┄┄┄┄┄┄┄┄┄┄┄┄┄┄┄┄┄┄┄┄┄┄┄🮇
▎⣾ codex                             🮇
▎  task-3                            🮇
▎⣾ codex                             🮇
▎  task-4                            🮇
▌⣾ codex                             ▐
▌  task-5                            ▐
 ────────────────────────────────────
  W: ◎ 0  ◇ 0 ↘ 0 ↗ 0 ◌ 0       $0.00
  M: ◎ 0  ◇ 0 ↘ 0 ↗ 0 ◌ 0       $0.00

                           ? for help
