---
source: crates/rimz/src/sidebar_pane/render/tests/mod.rs
expression: screen
---
 ⌘ query-engine

 ◎ 0
 ¤ 1
 ────────────────────────────────────
 ? 0   ! 0   ⏸︎ 0   ✓ 0      ⢿ 0   ○ 1

▏⑂ feature-migration ┄┄┄┄┄┄┄┄┄┄┄┄┄ ⇣5▕
▌○ codex · 258k                      ▐
▌  ...                               ▐



                           ? for help
