---
source: crates/rimz/src/sidebar_pane/render/tests/mod.rs
expression: screen
---
 ⌘ query-engine

 ◎ 0                                  ◇ 0 ↘ 0 ↗ 0 ◌ 0
 ¤ 2                                            $0.00
 ────────────────────────────────────────────────────
 ? 0   ! 0   ⏸︎ 0   ✓ 0                ⢿ 2   ☾ 0   ○ 0

▎⑂ pipeline ┄┄┄┄┄┄┄┄┄┄┄┄┄┄┄┄┄┄┄┄┄┄┄┄┄┄┄┄┄┄┄┄┄┄┄┄┄┄┄┄┄🮇
▎  Investigate (47:12) · forge                       🮇
▌⣾ planner                                           ▐
▌  —                                                 ▐
▌  ▢ ──────────────────────────────────────────    0%▐
▌  ▤ 0                                               ▐
▎⣾ coder                                             🮇
▎  —                                                 🮇
▎  ▢ ──────────────────────────────────────────    0%🮇
▎  ▤ 0                                               🮇


 ────────────────────────────────────────────────────
  W: ◎ 0  ◇ 0 ↘ 0 ↗ 0 ◌ 0                       $0.00
  M: ◎ 0  ◇ 0 ↘ 0 ↗ 0 ◌ 0                       $0.00

                                           ? for help
