---
source: crates/rimz/src/sidebar_pane/render/tests/mod.rs
assertion_line: 103
expression: screen
---
 ⌘ query-engine

 ◎ 0
 ¤ 1
 ──────────────────────────────────────────
 ? 0   ! 0   ⏸︎ 0   ✓ 0            ⢿ 1   ○ 0

▏⑂ main ┄┄┄┄┄┄┄┄┄┄┄┄┄┄┄┄┄┄┄┄┄┄┄┄┄┄┄┄┄┄┄┄┄┄┄
▌⣾ codex · GPT 5.5 · 258k
▌  add tests
▌  ▣ ━━━━━━━━━━━━━━━━────────────────   50%
▌  ▤ 129k · ◌ 120k ↘ 9k ↗ 800

                 ? for help
