---
source: crates/rimz/src/sidebar_pane/render/tests/mod.rs
expression: screen
---
 ⌘ query-engine

 ◎ 0                                  ◇ 0 ↘ 0 ↗ 0 ◌ 0
 ¤ 1                                            $0.00
 ────────────────────────────────────────────────────
 ? 0   ! 0   ⏸︎ 0   ✓ 0                ⢿ 1   ☾ 0   ○ 0

▎⑂ main ┄┄┄┄┄┄┄┄┄┄┄┄┄┄┄┄┄┄┄┄┄┄┄┄┄┄┄┄┄┄┄┄┄┄┄┄┄┄┄┄┄┄┄┄┄🮇
▌⢄ claude                                            ▐
▌  delegate                                          ▐
▌  ▢ ──────────────────────────────────────────    0%▐
▌  ▤ 0                                               ▐
▌  ⧉ subagents (9)                                   ▐
▌    ⣾ task-1                                        ▐
▌                                               ◑ <t>▐
▌    ⣾ task-4                                        ▐
▌                                               ◑ <t>▐
▌    ✓ task-2                                   ◔  1m▐
▌    ✓ task-7                                   ◔  3m▐
▌    ✓ task-0                                   ◔  5m▐
▌    ✓ task-8                                   ◔  7m▐
▌    ✓ task-5                                   ◔ <t>▐
▌  +2 older                                          ▐
















 ────────────────────────────────────────────────────
  W: ◎ 0  ◇ 0 ↘ 0 ↗ 0 ◌ 0                       $0.00
  M: ◎ 0  ◇ 0 ↘ 0 ↗ 0 ◌ 0                       $0.00

                                           ? for help
