---
source: crates/rimz/src/sidebar_pane/render/tests/mod.rs
expression: screen
---
 ⌘ query-engine

 ◎ 0                        ◇ 0 ↘ 0 ↗ 0 ◌ 0
 ¤ 1                                  $0.00
 ──────────────────────────────────────────
 ? 0   ! 0   ⏸︎ 0   ✓ 0      ⢿ 0   ☾ 1   ○ 0

▎⑂ main ┄┄┄┄┄┄┄┄┄┄┄┄┄┄┄┄┄┄┄┄┄┄┄┄┄┄┄┄┄┄┄┄┄┄┄🮇
▌☾ claude                                  ▐
▌  wake in 12m                             ▐
▌  ▢ ────────────────────────────────    0%▐
▌  ▤ 0                                     ▐
▌  ⧖ waits (1)                             ▐
▌    ⧖ in 12m                         ◔ <1m▐

 ──────────────────────────────────────────
  W: ◎ 0  ◇ 0 ↘ 0 ↗ 0 ◌ 0             $0.00
  M: ◎ 0  ◇ 0 ↘ 0 ↗ 0 ◌ 0             $0.00

                                 ? for help
