---
source: crates/rimz/src/sidebar_pane/render/tests/mod.rs
expression: screen
---
 ⌘ query-engine

 ◎ 0                                                            ◇ 0 ↘ 0 ↗ 0 ◌ 0
 ¤ 0                                                                      $0.00
 ──────────────────────────────────────────────────────────────────────────────












 ⚠ Sidebar degraded for <elapsed>: snapshot failed: ledger not found
