---
source: crates/rimz-sidebar/src/render/mod.rs
assertion_line: 767
expression: screen
---
 ⌘ query-engine

 ¤ 1
 ◎ 0
 ────────────────────────────────────────────────────
 ? 0   ! 0   ○ 0   ⏸︎ 0                     ⢿ 1   ✓ 0

▏⑂ feature-migration ┄┄┄┄┄┄┄┄┄┄┄┄┄┄┄┄┄┄┄┄┄┄┄ +127 -43
▌⣾ claude · Opus 4.8 · high · 200k              $1.27
▌  ledger refactor                          ●●●○○ 3/5
▌  ▣ ━━━━━━━━━━━━━━━━────────────────────────── 38.2%
▌  ◇ 4k ↘ 1k ↗ 2k ◍ 6k ◌ 68k

                      ? for help
