---
source: crates/rimz-sidebar/src/render/mod.rs
assertion_line: 734
expression: screen
---
 ⌘ query-engine

 ¤ 3
 ◎ 0
 ────────────────────────────────────
 ? 2   ! 0   ○ 0   ⏸︎ 0   ✽ 0   ⢿ 1

▏⑂ main ┄┄┄┄┄┄┄┄┄┄┄┄┄┄┄┄┄┄┄┄┄┄┄┄┄┄┄┄┄
▌? claude
▌  permission
▌  ▢ ──────────────────────────    0%
▏
▏⣾ codex · GPT-5.5
▏  add tests
▏  ▢ ──────────────────────────    0%

 ┄ external ┄┄┄┄┄┄┄┄┄┄┄┄┄┄┄┄┄┄┄┄┄ ? 1
 ? deploy.sh
   Deploy staging?
        ␣ next ?!   ? for help
