---
source: crates/rimz-sidebar/src/render/mod.rs
expression: screen
---
┌ query-engine ────────────────────────────────────────────────────────────────┐
│0 agents                                                                      │
│                                                                              │
│no agents yet                                                                 │
│run claude or codex                                                           │
│in a pane to begin                                                            │
│                                                                              │
│                                                                              │
│                                                                              │
│                                                                              │
│                                                                              │
│                                                                              │
│                                                                              │
│                                                                              │
│                                                                              │
│                                                                              │
│                                                                              │
└──────────────────────────────────────────────────────────────────────────────┘
