---
source: crates/rimz-sidebar/src/render/mod.rs
expression: screen
---
┌ query-engine ────────────────────────────────────────────────────────────────┐
│                                                                              │
│                                                                              │
│                                                                              │
│                                                                              │
│                                                                              │
│                                                                              │
│                                                                              │
│                                                                              │
│                                                                              │
│                                                                              │
│                                                                              │
│                                                                              │
│                                                                              │
│                                                                              │
│                                                                              │
│! Sidebar degraded for <elapsed>: snapshot failed: ledger not found                  │
└──────────────────────────────────────────────────────────────────────────────┘
