---
source: crates/rimz-sidebar/src/render/mod.rs
expression: screen
---
┌ query-engine ────────────────────────────────────────────────────────────────┐
│no agents yet                                                                 │
│install hooks:                                                                │
│rimz hooks install claude                                                     │
│                                                                              │
│                                                                              │
│                                                                              │
│                                                                              │
│                                                                              │
│                                                                              │
│                                                                              │
│                                                                              │
│                                                                              │
│                                                                              │
│                                                                              │
│                                                                              │
│                                                                              │
└──────────────────────────────────────────────────────────────────────────────┘
