---
source: crates/rimz-sidebar/src/render/mod.rs
assertion_line: 734
expression: screen
---
 ⌘ query-engine

 ¤ 0
 ◎ 0
 ──────────────────────────────────────────────────────────────────────────────

 no agents yet
 run claude or codex
 in a pane to begin








                                   ? for help
