---
source: crates/rimz-sidebar/src/render/mod.rs
assertion_line: 749
expression: screen
---
 ⌘ query-engine

 ◎ 0
 ¤ 1
 ──────────────────────────────────────────────────────
 ? 0   ! 0   ○ 0   ⏸︎ 0                       ⢿ 1   ✓ 0

▏⑂ main ┄┄┄┄┄┄┄┄┄┄┄┄┄┄┄┄┄┄┄┄┄┄┄┄┄┄┄┄┄┄┄┄┄┄┄┄┄┄┄┄┄┄┄┄┄┄┄
▌⣾ claude · Opus 4.8 · high · 200k                $1.27
▌  ledger refactor
▌  ▣ ━━━━━━━━━━━━━━━━━─────────────────────────── 38.2%
▌  ▤ 76k · ◌ 68k ◍ 6k ↘ 1k ↗ 2k   C 11%  M 1.1G  ⇅ 3M/s

                       ? for help
