---
source: crates/rimz-sidebar/src/render/mod.rs
expression: screen
---
┌ query-engine ──────────────────┐
│✗1                              │
│                                │
│▌feature-migration            1✗│
│▎✗ claude  db migrate         <t>│
│▎  Opus · xhigh · yolo          │
│▎  ─────────────────────────────│
│                                │
│↵ jump to claude                │
│                                │
│                                │
└────────────────────────────────┘
