---
source: crates/rimz-sidebar/src/render/mod.rs
expression: screen
---
┌ query-engine ──────────────────────┐
│? 2                         3 agents│
│⢿ 1                                 │
│                                    │
│▌main                               │
│▎? claude                        <t>│
│▎  permission                       │
│▎  ctx ───────────────────────    0%│
│ ⣾ codex · GPT-5.5                  │
│   add tests                        │
│   ctx ───────────────────────    0%│
│                                    │
│┄ external ┄┄┄┄┄┄┄┄┄┄┄┄┄┄┄┄┄┄┄┄┄ ? 1│
│ ? deploy.sh                      <t>│
│   Deploy staging?                  │
│                                    │
│↵ jump   ␣ next ?!   ? keys         │
└────────────────────────────────────┘
