---
source: crates/rimz-sidebar/src/render/mod.rs
expression: screen
---
┌ query-engine ────────────────────┐
│? 0   ! 0   ⢿ 9   ✽ 0   ◌ 9 agents│
│                                  │
│▌main                             │
│▎⣾ codex                          │
│▎  task-0                         │
│▎  ctx ─────────────────────    0%│
│ ⣾ codex                          │
│   task-1                         │
│   ctx ─────────────────────    0%│
│ ⣾ codex                          │
│   task-2                         │
│   ctx ─────────────────────    0%│
│ ⣾ codex                          │
│   task-3                         │
│   ctx ─────────────────────    0%│
│ ⣾ codex                          │
│   task-4                         │
│   ctx ─────────────────────    0%│
│ ⣾ codex                          │
│   task-5                         │
│   ctx ─────────────────────    0%│
│  +3 more                         │
│                                  │
│                                  │
│                                  │
│                                  │
│                                  │
│                                  │
└──────────────────────────────────┘
