---
source: crates/rimz-sidebar/src/render/mod.rs
expression: screen
---
┌ query-engine ────────────────────┐
│9 agents  ⢿9                      │
│                                  │
│▌main                           9⢿│
│▎⣾ codex                        <t>│
│▎  task-0                         │
│▎  ctx ─────────────────────    0%│
│ ⣾ codex                        <t>│
│   task-1                         │
│   ctx ─────────────────────    0%│
│ ⣾ codex                        <t>│
│   task-2                         │
│   ctx ─────────────────────    0%│
│ ⣾ codex                        <t>│
│   task-3                         │
│   ctx ─────────────────────    0%│
│ ⣾ codex                        <t>│
│   task-4                         │
│   ctx ─────────────────────    0%│
│ ⣾ codex                        <t>│
│   task-5                         │
│   ctx ─────────────────────    0%│
│  +3 more                         │
│                                  │
│                                  │
│                                  │
│                                  │
│                                  │
│                                  │
└──────────────────────────────────┘
