---
source: crates/rimz-sidebar/src/render.rs
assertion_line: 424
expression: screen
---
┌ Rimz | ws_0123456789abcdef01234567 ──────────────────────────────────────────┐
│Generated <elapsed> ago                                                            │
│                                                                              │
│Needs your attention                                                          │
│-                                                                             │
│                                                                              │
│Resolver is working                                                           │
│-                                                                             │
│                                                                              │
│Recently answered                                                             │
│-                                                                             │
│                                                                              │
│Recent activity                                                               │
│-                                                                             │
│                                                                              │
│                                                                              │
│                                                                              │
└──────────────────────────────────────────────────────────────────────────────┘
