---
source: crates/rimz-sidebar/src/render/mod.rs
assertion_line: 748
expression: screen
---
 ⌘ query-engine

 ¤ 0
 ◎ 0
 ──────────────────────────────────────────────────────

▏⑂ main ┄┄┄┄┄┄┄┄┄┄┄┄┄┄┄┄┄┄┄┄┄┄┄┄┄┄┄┄┄┄┄┄┄┄┄┄┄┄┄┄┄┄┄┄┄┄┄
▌⣾ cargo                          C 34%  M 512M  ⇅ 8M/s
▌  cargo build --release

 no agents yet
 install hooks:
 rimz hooks install claude
                       ? for help
