---
source: crates/rimz-sidebar/src/render/mod.rs
assertion_line: 734
expression: screen
---
 ⌘ query-engine

 ¤ 1
 ◎ 0
 ────────────────────────────────────────────────────
 ? 0   ! 0   ○ 0   ⏸︎ 0               ✽ 0   ⢿ 1   ✓ 0

▏⑂ feature-migration ┄┄┄┄┄┄┄┄┄┄┄┄┄┄┄┄┄┄┄┄┄┄┄ +127 -43
▌⣾ claude · Opus 4.8 (1M) · high · auto         $1.27
▌  ledger refactor                          ●●●○○ 3/5
▌  ▣ ━━━━━━━━━━━━━━━━────────────────────────── 38.2%
▌  ◇ 76k ↘ 64k ↗ 12k ◍ 20k ◌ 48k

                      ? for help
