---
source: crates/rimz-sidebar/src/render/tests.rs
assertion_line: 83
expression: screen
---
 ⌘ query-engine

 ◎ 0
 ¤ 6
 ────────────────────────────────────
 ? 0   ! 0   ○ 0   ⏸︎ 0     ⢿ 6   ✓ 0
▏⣾ codex                             ▕
▏  task-1                            ▕
▏  ▢ ──────────────────────────    0%▐
▏                                    ▐
▏⣾ codex                             ▐
▏  task-2                            ▐
▏  ▢ ──────────────────────────    0%▕
                                     ▕
 ⑂ beta                              ▕
 ⣾ codex                             ▕
   task-3                            ▕
              ? for help
