---
source: crates/rimz-sidebar/src/render/mod.rs
expression: screen
---
┌ query-engine ──────────────────┐
│! 1                      1 agent│
│                                │
│                                │
│▌feature-migration              │
│▎! claude · Opus · yolo       <t>│
│▎  db migrate                   │
│▎  ctx ───────────────────    0%│
│                                │
│↵ jump to claude                │
│                                │
└────────────────────────────────┘
